[2026-09-21 15:27:45.930956] [0x00000001eed32180] [trace]   Initializing StaticPrintConfigs
[fit_set.3mf]
size_x = 44.995850
size_y = 21.000000
size_z = 23.000000
min_x = -22.497925
min_y = -10.500000
min_z = -11.500000
max_x = 22.497925
max_y = 10.500000
max_z = 11.500000
number_of_facets = 10618
manifold = yes
number_of_parts =  1
volume = 4299.936035
[fit_set.3mf]
size_x = 44.995850
size_y = 21.000000
size_z = 23.000000
min_x = -22.497925
min_y = -10.500000
min_z = -11.500000
max_x = 22.497925
max_y = 10.500000
max_z = 11.500000
number_of_facets = 5354
manifold = yes
number_of_parts =  1
volume = 4295.353027
[fit_set.3mf]
size_x = 44.995850
size_y = 21.000000
size_z = 23.000000
min_x = -22.497925
min_y = -10.500000
min_z = -11.500000
max_x = 22.497925
max_y = 10.500000
max_z = 11.500000
number_of_facets = 5236
manifold = yes
number_of_parts =  1
volume = 4304.340820
